// Jest Snapshot v1, https://goo.gl/fbAQLP

exports[`should correctly render Footer page 1`] = `
<footer
  className="footer__wrapper"
>
  <a
    aria-current="page"
    href="/"
    onClick={[Function]}
  >
    PetFinder
  </a>
</footer>
`;
